mkdir: /live_state: Read-only file system
scripts/probe_live_state.sh: line 143: /live_state/manifest.txt: No such file or directory
scripts/probe_live_state.sh: line 145: /live_state/SUMMARY.md: No such file or directory
scripts/probe_live_state.sh: line 171: /live_state/manifest.txt: No such file or directory
scripts/probe_live_state.sh: line 272: /live_state/stripe_canonical.txt: No such file or directory
scripts/probe_live_state.sh: line 267: /live_state/stripe_canonical.txt: No such file or directory
scripts/probe_live_state.sh: line 158: /live_state/SUMMARY.md: No such file or directory
scripts/probe_live_state.sh: line 171: /live_state/manifest.txt: No such file or directory
scripts/probe_live_state.sh: line 272: /live_state/stripe_restricted.txt: No such file or directory
scripts/probe_live_state.sh: line 267: /live_state/stripe_restricted.txt: No such file or directory
scripts/probe_live_state.sh: line 158: /live_state/SUMMARY.md: No such file or directory
scripts/probe_live_state.sh: line 171: /live_state/manifest.txt: No such file or directory
scripts/probe_live_state.sh: line 171: /live_state/manifest.txt: No such file or directory
scripts/probe_live_state.sh: line 362: /live_state/stripe_webhook_endpoints.txt: No such file or directory
scripts/probe_live_state.sh: line 158: /live_state/SUMMARY.md: No such file or directory
scripts/probe_live_state.sh: line 171: /live_state/manifest.txt: No such file or directory
scripts/probe_live_state.sh: line 369: /live_state/stripe_webhook_secret.txt: No such file or directory
scripts/probe_live_state.sh: line 158: /live_state/SUMMARY.md: No such file or directory
scripts/probe_live_state.sh: line 171: /live_state/manifest.txt: No such file or directory
scripts/probe_live_state.sh: line 386: /live_state/stripe_restricted_live_presence.txt: No such file or directory
scripts/probe_live_state.sh: line 158: /live_state/SUMMARY.md: No such file or directory
scripts/probe_live_state.sh: line 171: /live_state/manifest.txt: No such file or directory
scripts/probe_live_state.sh: line 171: /live_state/manifest.txt: No such file or directory
scripts/probe_live_state.sh: line 487: /live_state/stripe_account_config.txt: No such file or directory
scripts/probe_live_state.sh: line 158: /live_state/SUMMARY.md: No such file or directory
scripts/probe_live_state.sh: line 171: /live_state/manifest.txt: No such file or directory
scripts/probe_live_state.sh: line 534: /live_state/stripe_account_status.txt: No such file or directory
scripts/probe_live_state.sh: line 158: /live_state/SUMMARY.md: No such file or directory
scripts/probe_live_state.sh: line 171: /live_state/manifest.txt: No such file or directory
scripts/probe_live_state.sh: line 540: /live_state/aws_sns_staging.txt: No such file or directory
scripts/probe_live_state.sh: line 158: /live_state/SUMMARY.md: No such file or directory
scripts/probe_live_state.sh: line 171: /live_state/manifest.txt: No such file or directory
scripts/probe_live_state.sh: line 540: /live_state/aws_sns_prod.txt: No such file or directory
scripts/probe_live_state.sh: line 158: /live_state/SUMMARY.md: No such file or directory
scripts/probe_live_state.sh: line 171: /live_state/manifest.txt: No such file or directory
scripts/probe_live_state.sh: line 642: /live_state/aws_ssm_staging.txt: No such file or directory
scripts/probe_live_state.sh: line 652: /live_state/aws_ssm_staging.txt: No such file or directory
scripts/probe_live_state.sh: line 652: /live_state/aws_ssm_staging.txt: No such file or directory
scripts/probe_live_state.sh: line 652: /live_state/aws_ssm_staging.txt: No such file or directory
scripts/probe_live_state.sh: line 652: /live_state/aws_ssm_staging.txt: No such file or directory
scripts/probe_live_state.sh: line 652: /live_state/aws_ssm_staging.txt: No such file or directory
scripts/probe_live_state.sh: line 652: /live_state/aws_ssm_staging.txt: No such file or directory
scripts/probe_live_state.sh: line 652: /live_state/aws_ssm_staging.txt: No such file or directory
scripts/probe_live_state.sh: line 638: /live_state/aws_ssm_staging.txt: No such file or directory
scripts/probe_live_state.sh: line 158: /live_state/SUMMARY.md: No such file or directory
scripts/probe_live_state.sh: line 171: /live_state/manifest.txt: No such file or directory
scripts/probe_live_state.sh: line 642: /live_state/aws_ssm_prod.txt: No such file or directory
scripts/probe_live_state.sh: line 652: /live_state/aws_ssm_prod.txt: No such file or directory
scripts/probe_live_state.sh: line 652: /live_state/aws_ssm_prod.txt: No such file or directory
scripts/probe_live_state.sh: line 652: /live_state/aws_ssm_prod.txt: No such file or directory
scripts/probe_live_state.sh: line 652: /live_state/aws_ssm_prod.txt: No such file or directory
scripts/probe_live_state.sh: line 652: /live_state/aws_ssm_prod.txt: No such file or directory
scripts/probe_live_state.sh: line 652: /live_state/aws_ssm_prod.txt: No such file or directory
scripts/probe_live_state.sh: line 652: /live_state/aws_ssm_prod.txt: No such file or directory
scripts/probe_live_state.sh: line 638: /live_state/aws_ssm_prod.txt: No such file or directory
scripts/probe_live_state.sh: line 158: /live_state/SUMMARY.md: No such file or directory
scripts/probe_live_state.sh: line 171: /live_state/manifest.txt: No such file or directory
scripts/probe_live_state.sh: line 721: /live_state/cloudflare_dns.txt: No such file or directory
scripts/probe_live_state.sh: line 730: /live_state/cloudflare_dns.txt: No such file or directory
scripts/probe_live_state.sh: line 730: /live_state/cloudflare_dns.txt: No such file or directory
scripts/probe_live_state.sh: line 730: /live_state/cloudflare_dns.txt: No such file or directory
scripts/probe_live_state.sh: line 730: /live_state/cloudflare_dns.txt: No such file or directory
scripts/probe_live_state.sh: line 158: /live_state/SUMMARY.md: No such file or directory
scripts/probe_live_state.sh: line 171: /live_state/manifest.txt: No such file or directory
scripts/probe_live_state.sh: line 754: /live_state/cloudflare_pages.txt: No such file or directory
scripts/probe_live_state.sh: line 171: /live_state/manifest.txt: No such file or directory
scripts/probe_live_state.sh: line 893: /live_state/cloudflare_pages.txt: No such file or directory
scripts/probe_live_state.sh: line 158: /live_state/SUMMARY.md: No such file or directory
scripts/probe_live_state.sh: line 171: /live_state/manifest.txt: No such file or directory
scripts/probe_live_state.sh: line 901: /live_state/api_health.txt: No such file or directory
scripts/probe_live_state.sh: line 171: /live_state/manifest.txt: No such file or directory
scripts/probe_live_state.sh: line 909: /live_state/api_health.txt: No such file or directory
scripts/probe_live_state.sh: line 171: /live_state/manifest.txt: No such file or directory
scripts/probe_live_state.sh: line 909: /live_state/api_health.txt: No such file or directory
scripts/probe_live_state.sh: line 158: /live_state/SUMMARY.md: No such file or directory
scripts/probe_live_state.sh: line 171: /live_state/manifest.txt: No such file or directory
Traceback (most recent call last):
  File "<stdin>", line 310, in <module>
FileNotFoundError: [Errno 2] No such file or directory: '/live_state/fleet_dataplane.json'
scripts/probe_live_state.sh: line 1390: /live_state/fleet_dataplane.json: No such file or directory
scripts/probe_live_state.sh: line 158: /live_state/SUMMARY.md: No such file or directory
scripts/probe_live_state.sh: line 171: /live_state/manifest.txt: No such file or directory
scripts/probe_live_state.sh: line 1430: /live_state/flapjack_build_identity.txt: No such file or directory
scripts/probe_live_state.sh: line 1469: /live_state/flapjack_build_identity.txt: No such file or directory
scripts/probe_live_state.sh: line 1470: /live_state/flapjack_build_identity.txt: No such file or directory
scripts/probe_live_state.sh: line 1471: /live_state/flapjack_build_identity.txt: No such file or directory
scripts/probe_live_state.sh: line 1483: /live_state/flapjack_build_identity.txt: No such file or directory
scripts/probe_live_state.sh: line 1469: /live_state/flapjack_build_identity.txt: No such file or directory
scripts/probe_live_state.sh: line 1470: /live_state/flapjack_build_identity.txt: No such file or directory
scripts/probe_live_state.sh: line 1471: /live_state/flapjack_build_identity.txt: No such file or directory
scripts/probe_live_state.sh: line 1483: /live_state/flapjack_build_identity.txt: No such file or directory
scripts/probe_live_state.sh: line 158: /live_state/SUMMARY.md: No such file or directory
scripts/probe_live_state.sh: line 171: /live_state/manifest.txt: No such file or directory
scripts/probe_live_state.sh: line 1533: /live_state/usage_rollup_freshness_staging.json: No such file or directory
scripts/probe_live_state.sh: line 158: /live_state/SUMMARY.md: No such file or directory
scripts/probe_live_state.sh: line 171: /live_state/manifest.txt: No such file or directory
scripts/probe_live_state.sh: line 1533: /live_state/usage_rollup_freshness_prod.json: No such file or directory
scripts/probe_live_state.sh: line 158: /live_state/SUMMARY.md: No such file or directory
scripts/probe_live_state.sh: line 171: /live_state/manifest.txt: No such file or directory
scripts/probe_live_state.sh: line 1654: /live_state/staging_rds.txt: No such file or directory
scripts/probe_live_state.sh: line 1721: /live_state/staging_rds.txt: No such file or directory
scripts/probe_live_state.sh: line 158: /live_state/SUMMARY.md: No such file or directory
scripts/probe_live_state.sh: line 171: /live_state/manifest.txt: No such file or directory
scripts/probe_live_state.sh: line 1754: /live_state/privacy_com.txt: No such file or directory
scripts/probe_live_state.sh: line 158: /live_state/SUMMARY.md: No such file or directory
scripts/probe_live_state.sh: line 1764: /live_state/SUMMARY.md: No such file or directory
