
> web@0.0.1 test:e2e
> playwright test --grep source migration provider parity --reporter=list

(node:25337) [DEP0205] DeprecationWarning: `module.register()` is deprecated. Use `module.registerHooks()` instead.
(Use `node --trace-deprecation ...` to show where the warning was created)
[2m[WebServer] [22mNo stopped containers
[2m[WebServer] [22m Container fjcloud_aug06_9pm_1_source_parity_salvage_onto_released_engine_fjcloud_dev-typesense-1 Creating 
[2m[WebServer] [22m Container fjcloud_aug06_9pm_1_source_parity_salvage_onto_released_engine_fjcloud_dev-meilisearch-1 Creating 
[2m[WebServer] [22m Container fjcloud_aug06_9pm_1_source_parity_salvage_onto_released_engine_fjcloud_dev-typesense-1 Created 
[2m[WebServer] [22m Container fjcloud_aug06_9pm_1_source_parity_salvage_onto_released_engine_fjcloud_dev-meilisearch-1 Created 
[2m[WebServer] [22m Container fjcloud_aug06_9pm_1_source_parity_salvage_onto_released_engine_fjcloud_dev-typesense-1 Starting 
[2m[WebServer] [22m Container fjcloud_aug06_9pm_1_source_parity_salvage_onto_released_engine_fjcloud_dev-meilisearch-1 Starting 
[2m[WebServer] [22m Container fjcloud_aug06_9pm_1_source_parity_salvage_onto_released_engine_fjcloud_dev-meilisearch-1 Started 
[2m[WebServer] [22m Container fjcloud_aug06_9pm_1_source_parity_salvage_onto_released_engine_fjcloud_dev-typesense-1 Started 
[2m[WebServer] [22mcurl: (52) Empty reply from server
[2m[WebServer] [22mcurl: (22) The requested URL returned error: 503
[2m[WebServer] [22mpsql:<repo>/infra/migrations/059_vm_inventory_reference_guard.sql:187: NOTICE:  identifier "trg_algolia_import_jobs_destination_vm_id_vm_inventory_reference_guard" will be truncated to "trg_algolia_import_jobs_destination_vm_id_vm_inventory_referenc"
[2m[WebServer] [22mpsql:<repo>/infra/migrations/059_vm_inventory_reference_guard.sql:187: NOTICE:  identifier "trg_algolia_import_jobs_destination_vm_id_vm_inventory_reference_guard" will be truncated to "trg_algolia_import_jobs_destination_vm_id_vm_inventory_referenc"
[2m[WebServer] [22m(node:24392) Warning: The 'NO_COLOR' env is ignored due to the 'FORCE_COLOR' env being set.
[2m[WebServer] [22m(Use `node --trace-warnings ...` to show where the warning was created)
[2m[WebServer] [22m(node:24392) [DEP0205] DeprecationWarning: `module.register()` is deprecated. Use `module.registerHooks()` instead.

Running 4 tests using 1 worker

(node:28845) Warning: The 'NO_COLOR' env is ignored due to the 'FORCE_COLOR' env being set.
(Use `node --trace-warnings ...` to show where the warning was created)
(node:28845) [DEP0205] DeprecationWarning: `module.register()` is deprecated. Use `module.registerHooks()` instead.
(node:28845) Warning: The 'NO_COLOR' env is ignored due to the 'FORCE_COLOR' env being set.
(Use `node --trace-warnings ...` to show where the warning was created)
  ✓  1 [setup:user] › tests/fixtures/auth.setup.ts:110:1 › authenticate as customer (6.4s)
(node:36567) Warning: The 'NO_COLOR' env is ignored due to the 'FORCE_COLOR' env being set.
(Use `node --trace-warnings ...` to show where the warning was created)
(node:36567) [DEP0205] DeprecationWarning: `module.register()` is deprecated. Use `module.registerHooks()` instead.
(node:36567) Warning: The 'NO_COLOR' env is ignored due to the 'FORCE_COLOR' env being set.
(Use `node --trace-warnings ...` to show where the warning was created)
  ✓  2 [chromium] › tests/e2e-ui/full/source_migration_provider_parity.spec.ts:431:2 › source migration provider parity › source migration provider parity — meilisearch — local-container create cancel source-change lifecycle (1.1m)
  ✓  3 [chromium] › tests/e2e-ui/full/source_migration_provider_parity.spec.ts:459:2 › source migration provider parity › source migration provider parity — typesense — local-container schema alias synonym curation lifecycle (56.7s)
  ✓  4 [chromium] › tests/e2e-ui/full/source_migration_provider_parity.spec.ts:487:2 › source migration provider parity › source migration provider parity — algolia — live-source provider-neutral lifecycle (32.8s)

  4 passed (6.7m)
