command=cd infra && INTEGRATION=1 BACKEND_LIVE_GATE=1 cargo test -p api --test billing -- --list
head_sha=b7dddead4a367682bf16cf4de37bdaf686af4d99
clean_tree=False
    Finished `test` profile [unoptimized + debuginfo] target(s) in 0.75s
     Running tests/billing.rs (target/debug/deps/billing-29dd8e0de5e09bb0)
aggregation_known_answer_test::aggregation_known_answer_half_open_utc_day_boundary: test
aggregation_known_answer_test::aggregation_known_answer_month_length_and_sparse_normalization: test
aggregation_known_answer_test::aggregation_known_answer_postgres_gauge_rounding: test
billing_endpoints_test::account_upgrade_status_reports_not_ready_for_existing_shared_customer: test
billing_endpoints_test::account_upgrade_status_reports_not_ready_without_stripe_customer_and_profile_shape_is_unchanged: test
billing_endpoints_test::account_upgrade_status_reports_upgrade_ready_when_default_payment_method_exists: test
billing_endpoints_test::admin_billing_summary_checked_addition_overflow_returns_500: test
billing_endpoints_test::admin_billing_summary_checked_multiplication_overflow_returns_error: test
billing_endpoints_test::admin_billing_summary_missing_key_returns_401: test
billing_endpoints_test::admin_billing_summary_sums_hand_calculated_dollars: test
billing_endpoints_test::admin_billing_summary_unknown_status_returns_500: test
billing_endpoints_test::admin_billing_summary_wrong_key_returns_401: test
billing_endpoints_test::admin_finalize_400_no_stripe_customer: test
billing_endpoints_test::admin_finalize_404_deleted_customer: test
billing_endpoints_test::admin_finalize_404_unknown_invoice: test
billing_endpoints_test::admin_finalize_advances_egress_watermark: test
billing_endpoints_test::admin_finalize_advances_watermark_and_persists_remainder_for_zero_cent_object_egress: test
billing_endpoints_test::admin_finalize_invoice_success: test
billing_endpoints_test::admin_finalize_legacy_zero_cent_egress_without_metadata_still_succeeds: test
billing_endpoints_test::admin_finalize_multi_cycle_egress_carryforward_consumed_in_next_cycle: test
billing_endpoints_test::admin_finalize_non_draft_returns_400: test
billing_endpoints_test::admin_finalize_rolls_back_egress_watermark_and_carryforward_on_finalize_write_failure: test
billing_endpoints_test::admin_finalize_rolls_back_partial_watermark_advance_when_second_update_fails: test
billing_endpoints_test::admin_finalize_stripe_failure_does_not_advance_watermark: test
billing_endpoints_test::admin_finalize_updates_egress_watermark_and_carryforward_from_draft_snapshot: test
billing_endpoints_test::admin_finalize_uses_draft_egress_snapshot_for_watermark: test
billing_endpoints_test::admin_invoice_detail_exposes_stripe_urls: test
billing_endpoints_test::batch_billing_run_400_invalid_month: test
billing_endpoints_test::batch_billing_run_404_no_rate_card: test
billing_endpoints_test::batch_billing_run_continues_on_stripe_failure: test
billing_endpoints_test::batch_billing_run_creates_invoices: test
billing_endpoints_test::batch_billing_run_free_plan_customer_reported_skipped_with_no_invoice_rows: test
billing_endpoints_test::batch_billing_run_includes_cold_storage_when_no_hot_usage: test
billing_endpoints_test::batch_billing_run_mixed_cohort_skips_free_and_creates_shared: test
billing_endpoints_test::batch_billing_run_mixed_cohort_skips_free_invoices_shared: test
billing_endpoints_test::batch_billing_run_multiple_customers_mixed: test
billing_endpoints_test::batch_billing_run_shared_plan_uses_shared_minimum: test
billing_endpoints_test::batch_billing_run_skips_existing_invoices: test
billing_endpoints_test::batch_billing_run_skips_free_plan_customer: test
billing_endpoints_test::batch_billing_run_skips_no_stripe_customer: test
billing_endpoints_test::batch_billing_run_skips_suspended_customer: test
billing_endpoints_test::batch_billing_run_unknown_plan_bills_with_shared_safe_fallback: test
billing_endpoints_test::billing_portal_400_for_disallowed_return_url_origin: test
billing_endpoints_test::billing_portal_400_no_stripe_customer: test
billing_endpoints_test::billing_portal_503_when_stripe_unconfigured: test
billing_endpoints_test::billing_portal_returns_portal_url_and_forwards_return_url: test
billing_endpoints_test::billing_publishable_key_503_when_unconfigured: test
billing_endpoints_test::billing_publishable_key_returns_runtime_key_when_configured: test
billing_endpoints_test::billing_unauthorized_routes_return_401: test
billing_endpoints_test::billing_upgrade_200_accepts_submicro_anchor_drift_after_paid_charge: test
billing_endpoints_test::billing_upgrade_200_promotes_free_to_shared_after_successful_charge: test
billing_endpoints_test::billing_upgrade_400_without_default_payment_method: test
billing_endpoints_test::billing_upgrade_400_without_stripe_customer_id: test
billing_endpoints_test::billing_upgrade_402_on_declined_payment_and_rolls_back_free_plan: test
billing_endpoints_test::billing_upgrade_402_on_requires_action_and_rolls_back_free_plan: test
billing_endpoints_test::billing_upgrade_409_when_atomic_upgrade_claim_is_lost_without_duplicate_invoice_creation: test
billing_endpoints_test::billing_upgrade_attempts_invoice_void_when_rollback_plan_reset_fails: test
billing_endpoints_test::billing_upgrade_rollback_does_not_partially_reset_plan_when_anchor_reset_fails: test
billing_endpoints_test::billing_upgrade_rolls_back_and_voids_invoice_when_persisted_state_is_missing_after_charge: test
billing_endpoints_test::billing_upgrade_rolls_back_and_voids_invoice_when_post_charge_validation_fails: test
billing_endpoints_test::billing_upgrade_same_day_retry_uses_distinct_activation_idempotency_keys: test
billing_endpoints_test::billing_upgrade_voids_invoice_when_persisted_anchor_mismatches_claimed_anchor: test
billing_endpoints_test::billing_upgrade_voids_invoice_when_post_charge_customer_reload_errors: test
billing_endpoints_test::billing_upgrade_voids_invoice_when_post_charge_customer_reload_is_missing: test
billing_endpoints_test::commerce_pipeline_usage_to_payment_confirmation: test
billing_endpoints_test::delete_payment_method_204: test
billing_endpoints_test::delete_payment_method_400_no_stripe_customer: test
billing_endpoints_test::delete_payment_method_404_not_owned: test
billing_endpoints_test::deleted_customer_auth_returns_401: test
billing_endpoints_test::legacy_subscription_routes_return_404_and_preserved_billing_routes_remain_reachable: test
billing_endpoints_test::list_payment_methods_400_no_stripe_customer: test
billing_endpoints_test::list_payment_methods_empty_returns_empty_array: test
billing_endpoints_test::list_payment_methods_no_default_all_false: test
billing_endpoints_test::list_payment_methods_returns_cards: test
billing_endpoints_test::list_payment_methods_returns_is_default_for_default_pm: test
billing_endpoints_test::onboarding_status_reports_configured_free_tier_limits_without_signed_fallback: test
billing_endpoints_test::reactivate_404_unknown_customer: test
billing_endpoints_test::reactivate_deleted_customer_returns_400_without_calling_reactivate: test
billing_endpoints_test::reactivate_non_suspended_returns_400: test
billing_endpoints_test::reactivate_suspended_customer_success: test
billing_endpoints_test::set_default_400_no_stripe_customer: test
billing_endpoints_test::set_default_404_not_owned: test
billing_endpoints_test::set_default_payment_method_204: test
billing_endpoints_test::setup_intent_400_no_stripe_customer: test
billing_endpoints_test::setup_intent_returns_client_secret: test
billing_endpoints_test::suspend_404_unknown_customer: test
billing_endpoints_test::suspend_active_customer_success: test
billing_endpoints_test::suspend_non_active_returns_400: test
billing_endpoints_test::suspended_customer_gets_403_on_billing: test
billing_endpoints_test::suspended_customer_gets_403_on_billing_portal: test
billing_endpoints_test::suspended_customer_gets_403_on_delete_payment_method: test
billing_endpoints_test::suspended_customer_gets_403_on_invoices: test
billing_endpoints_test::suspended_customer_gets_403_on_list_payment_methods: test
billing_endpoints_test::suspended_customer_gets_403_on_set_default_payment_method: test
billing_endpoints_test::suspended_customer_gets_403_on_usage: test
billing_endpoints_test::sync_stripe_404_deleted_customer: test
billing_endpoints_test::sync_stripe_404_unknown_customer: test
billing_endpoints_test::sync_stripe_creates_customer: test
billing_endpoints_test::sync_stripe_noop_if_already_linked: test
billing_endpoints_test::webhook_charge_refunded_no_invoice_field_returns_200: test
billing_endpoints_test::webhook_charge_refunded_on_finalized_invoice_ignored: test
billing_endpoints_test::webhook_charge_refunded_unknown_invoice_returns_200: test
billing_endpoints_test::webhook_payment_failed_does_not_suspend_if_already_paid: test
billing_endpoints_test::webhook_payment_failed_final_retry_suspends_customer: test
billing_endpoints_test::webhook_payment_failed_missing_invoice_id_returns_200: test
billing_endpoints_test::webhook_payment_failed_unknown_invoice_returns_200: test
billing_endpoints_test::webhook_payment_failed_with_retry_does_not_suspend: test
billing_endpoints_test::webhook_payment_succeeded_missing_invoice_id_returns_200: test
billing_endpoints_test::webhook_payment_succeeded_on_already_paid_invoice_ignored: test
billing_endpoints_test::webhook_payment_succeeded_unknown_invoice_returns_200: test
billing_endpoints_test::webhook_retries_same_event_if_first_processing_attempt_fails: test
billing_endpoints_test::webhook_retries_same_failed_event_if_suspend_fails_after_mark_failed: test
billing_estimate_test::estimate_400_invalid_month_format: test
billing_estimate_test::estimate_401_without_auth: test
billing_estimate_test::estimate_403_suspended_customer: test
billing_estimate_test::estimate_404_when_no_active_rate_card: test
billing_estimate_test::estimate_applies_rate_card_minimums: test
billing_estimate_test::estimate_cross_tenant_isolation: test
billing_estimate_test::estimate_defaults_to_current_month: test
billing_estimate_test::estimate_free_plan_below_current_minimum_is_not_clamped: test
billing_estimate_test::estimate_free_plan_zero_usage_does_not_apply_minimum: test
billing_estimate_test::estimate_includes_object_storage_line_items: test
billing_estimate_test::estimate_multi_region_produces_per_region_line_items: test
billing_estimate_test::estimate_returns_500_when_hot_storage_amount_overflows: test
billing_estimate_test::estimate_returns_correct_total_for_usage: test
billing_estimate_test::estimate_shared_plan_succeeds_without_stripe_customer_or_payment_methods: test
billing_estimate_test::estimate_shared_plan_uses_shared_minimum: test
billing_estimate_test::estimate_succeeds_without_stripe_customer_or_payment_methods: test
billing_estimate_test::estimate_unknown_plan_defaults_to_shared_minimum: test
billing_estimate_test::estimate_with_rate_override_applies_custom_rates: test
billing_estimate_test::estimate_with_storage_produces_storage_line_item: test
billing_estimate_test::estimate_zero_when_no_usage: test
billing_regression_test::cold_storage_exact_rate_regression: test
billing_regression_test::free_plan_hot_storage_mutation_proof: test
billing_regression_test::free_plan_hot_storage_regression: test
billing_regression_test::free_plan_zero_minimum_regression: test
billing_regression_test::multi_region_storage_attachment_regression: test
billing_regression_test::object_storage_egress_exact_rate_regression: test
billing_regression_test::object_storage_egress_sub_cent_carryforward_regression: test
billing_regression_test::object_storage_exact_rate_regression: test
billing_regression_test::override_isolation_regression: test
billing_regression_test::region_multiplier_hot_storage_regression: test
billing_regression_test::shared_plan_minimum_regression: test
billing_regression_test::shared_plan_stage2_replay_distinguishes_fixture_card_from_current_active_card: test
billing_regression_test::shared_plan_stage2_usage_record_provenance_stays_within_replay_cutoff: test
billing_regression_test::shared_plan_stage2_usage_rows_preserve_fixture_aggregated_at_provenance: test
billing_regression_test::shared_plan_staging_bundle_known_answer_regression: test
common::builders::tests::builder_threads_oauth_runtime_config_into_app_state: test
common::catalog_live_binding::tests::canonical_selection_and_target_characters_are_safe: test
common::catalog_live_binding::tests::evidence_components_reject_record_delimiters_and_newlines: test
common::catalog_live_binding::tests::live_api_url_must_resolve_to_loopback_host: test
common::catalog_live_binding::tests::live_caller_key_must_belong_to_the_exact_fixture_selection: test
common::integration_helpers::tests::db_url_builds_from_discrete_env_vars_with_password: test
common::integration_helpers::tests::db_url_includes_port_without_user: test
common::integration_helpers::tests::db_url_prefers_explicit_url_env: test
common::integration_helpers::tests::endpoint_reachable_detects_closed_local_port: test
common::integration_helpers::tests::endpoint_reachable_rejects_invalid_url: test
common::integration_helpers::tests::integration_enabled_is_false_when_unset: test
common::integration_helpers::tests::integration_enabled_is_true_only_for_one: test
common::integration_helpers::tests::live_gate_enabled_is_false_for_non_one_values: test
common::integration_helpers::tests::live_gate_enabled_is_false_when_unset: test
common::integration_helpers::tests::live_gate_enabled_is_true_when_set_to_one: test
common::integration_helpers::tests::require_live_continues_when_condition_true_regardless_of_gate: test
common::integration_helpers::tests::require_live_panics_when_gate_on_and_condition_false: test
common::integration_helpers::tests::require_live_skips_silently_when_gate_off_and_condition_false: test
common::live_stripe_helpers::tests::attach_declining_payment_method_reports_invalid_customer_id: test
common::live_stripe_helpers::tests::attach_test_payment_method_reports_invalid_customer_id: test
common::live_stripe_helpers::tests::contract_amount_multiplies_unit_amount_by_quantity: test
common::live_stripe_helpers::tests::expected_starter_amount_requires_positive_integer_env_value: test
common::live_stripe_helpers::tests::webhook_probe_query_accepts_fast_invoice_event_delivery: test
common::mocks::failable_email_service_tests::failable_email_service_forces_failure_for_retries_exhausted_and_skips_delegate: test
common::mocks::failable_email_service_tests::failable_email_service_records_invalid_request_after_in_flight_attempts_start: test
common::mocks::failable_email_service_tests::failable_email_service_tracks_recovered_after_failure_attempt_and_delegates: test
common::mocks::failable_email_service_tests::failable_email_service_tracks_retry_scheduled_attempt_and_delegates: test
common::poll::tests::predicate_can_be_fnmut: test
common::poll::tests::resolves_after_multiple_polls_with_real_sleep: test
common::poll::tests::resolves_immediately_with_predicate_value: test
common::poll::tests::result_variant_returns_error_on_timeout: test
common::poll::tests::result_variant_returns_value_when_predicate_hits: test
common::poll::tests::times_out_and_panics_with_name: test
common::support::pg_schema_harness::tests::embedded_migration_versions_are_unique: test
common::support::pg_schema_harness::tests::isolated_schema_name_rejects_non_identifier_prefixes: test
common::support::pg_schema_harness::tests::quote_pg_identifier_escapes_embedded_quotes: test
cross_region_billing_test::admin_fleet_shows_provider_column: test
cross_region_billing_test::billing_applies_region_multiplier_for_hetzner: test
cross_region_billing_test::estimate_object_storage_not_duplicated_across_regions: test
cross_region_billing_test::usage_aggregation_separates_regions: test
integration_stripe_test::helper_tests::env_guard_clears_inherited_parent_env_on_construction: test
integration_stripe_test::helper_tests::stripe_test_key_reads_canonical_env_and_rejects_non_test_prefixes: test
integration_stripe_test::helper_tests::validate_stripe_key_live_err_when_key_bad_prefix: test
integration_stripe_test::helper_tests::validate_stripe_key_live_err_when_key_missing: test
integration_stripe_test::helper_tests::validate_stripe_webhook_delivery_err_when_no_key: test
integration_stripe_test::helper_tests::webhook_configuration_requires_secret_and_integration: test
integration_stripe_test::helper_tests::webhook_secret_requires_whsec_prefix: test
integration_stripe_test::stripe_attach_and_list_payment_methods: test
integration_stripe_test::stripe_checkout_to_paid_invoice_end_to_end: test
integration_stripe_test::stripe_create_and_finalize_invoice: test
integration_stripe_test::stripe_create_customer_in_test_mode: test
integration_stripe_test::stripe_create_setup_intent_in_test_mode: test
integration_stripe_test::stripe_payment_failure_webhook_fires_on_declined_card: test
integration_stripe_test::stripe_webhook_is_idempotent: test
integration_stripe_test::validate_stripe_key_live_succeeds_with_real_key: test
invoice_email_test::batch_billing_sends_emails: test
invoice_email_test::finalize_invoice_email_failure_does_not_block: test
invoice_email_test::finalize_invoice_sends_email: test
invoices_test::admin_list_invoices_200: test
invoices_test::admin_list_invoices_401_missing_auth: test
invoices_test::admin_list_invoices_404_deleted_tenant: test
invoices_test::admin_list_invoices_404_unknown_tenant: test
invoices_test::generate_invoice_201_minimum_applied: test
invoices_test::generate_invoice_201_rate_override_applied: test
invoices_test::generate_invoice_201_shared_plan_uses_shared_minimum: test
invoices_test::generate_invoice_201_unknown_plan_defaults_to_shared_minimum: test
invoices_test::generate_invoice_201_with_line_items: test
invoices_test::generate_invoice_201_with_object_storage_line_items: test
invoices_test::generate_invoice_400_invalid_month: test
invoices_test::generate_invoice_401_missing_auth: test
invoices_test::generate_invoice_404_deleted_tenant: test
invoices_test::generate_invoice_404_no_rate_card: test
invoices_test::generate_invoice_404_unknown_tenant: test
invoices_test::generate_invoice_409_duplicate_period: test
invoices_test::get_invoice_200_with_line_items: test
invoices_test::get_invoice_401_missing_auth: test
invoices_test::get_invoice_403_other_tenant: test
invoices_test::get_invoice_404_not_found: test
invoices_test::get_invoice_detail_403_suspended_customer: test
invoices_test::get_invoice_detail_includes_paid_at_after_payment: test
invoices_test::get_invoice_detail_includes_pdf_url_after_finalize: test
invoices_test::get_invoice_detail_includes_stripe_fields_after_finalize: test
invoices_test::get_invoice_detail_includes_stripe_fields_null_for_draft: test
invoices_test::get_invoice_detail_pdf_url_null_when_not_set: test
invoices_test::list_invoices_200_empty: test
invoices_test::list_invoices_200_tenant_isolation: test
invoices_test::list_invoices_200_with_data: test
invoices_test::list_invoices_401_missing_auth: test
quota_enforcement_test::concurrent_index_creation_only_one_succeeds: test
quota_enforcement_test::free_tier_customer_blocked_at_index_limit: test
quota_enforcement_test::free_tier_customer_can_create_first_index: test
quota_enforcement_test::free_tier_search_blocked_at_monthly_quota: test
quota_enforcement_test::free_tier_search_succeeds_under_quota: test
quota_enforcement_test::new_shared_index_inherits_existing_customer_quota_override: test
quota_enforcement_test::query_rate_limiting_exceeds_limit_returns_429: test
quota_enforcement_test::quota_warning_email_sent_at_80_percent: test
quota_enforcement_test::quota_warning_not_sent_below_80_percent: test
quota_enforcement_test::quota_warning_not_sent_twice_in_same_month: test
quota_enforcement_test::quota_warning_resets_next_month: test
quota_enforcement_test::rate_limiting_is_per_customer_and_index: test
quota_enforcement_test::rate_limiting_recovers_after_window: test
quota_enforcement_test::shared_plan_create_index_honors_customer_quota_override_above_default_limit: test
quota_enforcement_test::shared_plan_customer_not_blocked_at_index_limit: test
quota_enforcement_test::shared_plan_no_quota_warning: test
quota_enforcement_test::shared_plan_search_not_blocked_at_monthly_quota: test
quota_enforcement_test::write_rate_limiting_exceeds_limit_returns_429: test
stripe_billing_test::finalize_draft_invoice_succeeds: test
stripe_billing_test::finalize_non_draft_rejects: test
stripe_billing_test::finalize_nonexistent_returns_error: test
stripe_billing_test::find_by_stripe_customer_id_returns_customer: test
stripe_billing_test::find_by_stripe_customer_id_returns_none_when_not_found: test
stripe_billing_test::find_by_stripe_invoice_id_returns_invoice: test
stripe_billing_test::find_by_stripe_invoice_id_returns_none_when_not_found: test
stripe_billing_test::full_lifecycle_draft_finalized_failed: test
stripe_billing_test::full_lifecycle_draft_finalized_paid: test
stripe_billing_test::full_lifecycle_paid_refunded: test
stripe_billing_test::init_stripe_service_local_mode_requires_explicit_webhook_secret: test
stripe_billing_test::init_stripe_service_local_mode_uses_local_mock_when_webhook_secret_is_present: test
stripe_billing_test::invoice_create_idempotency_key_changes_when_period_changes: test
stripe_billing_test::invoice_create_idempotency_key_is_deterministic_for_same_inputs: test
stripe_billing_test::mark_failed_draft_rejects: test
stripe_billing_test::mark_failed_finalized_invoice_succeeds: test
stripe_billing_test::mark_failed_paid_rejects: test
stripe_billing_test::mark_paid_already_paid_rejects: test
stripe_billing_test::mark_paid_draft_rejects: test
stripe_billing_test::mark_paid_finalized_invoice_succeeds: test
stripe_billing_test::mark_refunded_draft_rejects: test
stripe_billing_test::mark_refunded_finalized_rejects: test
stripe_billing_test::mark_refunded_paid_invoice_succeeds: test
stripe_billing_test::mock_stripe_construct_webhook_event_parses_payload: test
stripe_billing_test::mock_stripe_create_and_finalize_invoice: test
stripe_billing_test::mock_stripe_create_and_finalize_invoice_records_idempotency_key: test
stripe_billing_test::mock_stripe_create_customer_fails_when_set: test
stripe_billing_test::mock_stripe_create_customer_returns_id: test
stripe_billing_test::mock_stripe_create_setup_intent_returns_secret: test
stripe_billing_test::mock_stripe_detach_payment_method: test
stripe_billing_test::mock_stripe_fails_when_should_fail_set: test
stripe_billing_test::mock_stripe_list_payment_methods: test
stripe_billing_test::mock_stripe_lookup_charge_fallback_honors_not_configured_seam: test
stripe_billing_test::mock_stripe_lookup_charge_fallback_propagates_api_error: test
stripe_billing_test::mock_stripe_lookup_charge_fallback_returns_seeded_fields: test
stripe_billing_test::mock_stripe_pay_invoice_uses_default_result_and_records_call: test
stripe_billing_test::mock_stripe_set_default_payment_method: test
stripe_billing_test::mock_stripe_void_invoice_records_call: test
stripe_billing_test::reactivate_non_suspended_returns_false: test
stripe_billing_test::reactivate_nonexistent_returns_false: test
stripe_billing_test::reactivate_suspended_customer: test
stripe_billing_test::set_stripe_customer_id_deleted_customer_returns_false: test
stripe_billing_test::set_stripe_customer_id_nonexistent_returns_false: test
stripe_billing_test::set_stripe_customer_id_updates_customer: test
stripe_billing_test::set_stripe_fields_nonexistent_returns_error: test
stripe_billing_test::set_stripe_fields_stores_both_values: test
stripe_billing_test::suspend_already_suspended_returns_false: test
stripe_billing_test::suspend_nonexistent_returns_false: test
stripe_billing_test::suspend_sets_status_to_suspended: test
stripe_billing_test::unconfigured_stripe_lookup_charge_fallback_returns_not_configured: test
stripe_local_dispatch_test::construct_webhook_event_rejects_bad_signature: test
stripe_local_dispatch_test::construct_webhook_event_verifies_signature: test
stripe_local_dispatch_test::create_and_finalize_invoice_returns_local_ids: test
stripe_local_dispatch_test::create_customer_returns_local_prefixed_id: test
stripe_local_dispatch_test::create_setup_intent_returns_synthetic_secret: test
stripe_local_dispatch_test::dispatcher_posts_with_correct_headers: test
stripe_local_dispatch_test::dispatcher_retries_on_server_error: test
stripe_local_dispatch_test::dispatcher_sends_correct_invoice_payload: test
stripe_local_dispatch_test::dispatcher_signature_is_verifiable: test
stripe_local_dispatch_test::dispatcher_signature_wrong_secret_fails_verification: test
stripe_local_dispatch_test::list_payment_methods_empty_initially: test
stripe_local_dispatch_test::lookup_charge_fallback_rejects_invalid_charge_id_shape: test
stripe_local_dispatch_test::lookup_charge_fallback_returns_deterministic_fields: test
stripe_local_dispatch_test::lookup_charge_fallback_supports_missing_invoice_field: test
stripe_local_dispatch_test::lookup_charge_fallback_supports_missing_payment_intent_field: test
stripe_local_dispatch_test::void_invoice_returns_void_status_for_finalized_invoice: test
stripe_pay_invoice_test::pay_invoice_against_live_sandbox: test
stripe_pay_invoice_test::stripe_pay_invoice_local_declined_path_returns_decline_error_contract: test
stripe_pay_invoice_test::stripe_pay_invoice_local_paid_path_returns_contract_shape: test
stripe_pay_invoice_test::stripe_pay_invoice_local_requires_action_path_returns_action_required_contract: test
stripe_test_clock_full_cycle_test::stripe_test_clock_full_cycle_bills_expected_amount: test
stripe_webhook_event_matrix_test::charge_refunded_customer_amount_fallback_picks_matching_amount_invoice: test
stripe_webhook_event_matrix_test::charge_refunded_customer_amount_fallback_ties_pick_most_recent_paid: test
stripe_webhook_event_matrix_test::charge_refunded_marks_paid_invoice_refunded: test
stripe_webhook_event_matrix_test::charge_refunded_payment_intent_fallback_marks_invoice_refunded: test
stripe_webhook_event_matrix_test::deprecated_subscription_events_are_noops_with_zero_state_mutations: test
stripe_webhook_event_matrix_test::dispute_closed_with_lost_status_marks_paid_invoice_refunded: test
stripe_webhook_event_matrix_test::dispute_closed_with_won_status_does_not_refund_paid_invoice: test
stripe_webhook_event_matrix_test::dispute_created_falls_back_to_charge_lookup_when_event_repo_has_no_invoice_mapping: test
stripe_webhook_event_matrix_test::dispute_created_prefers_webhook_event_invoice_mapping_for_upsert_link: test
stripe_webhook_event_matrix_test::dispute_events_append_audit_log_rows_with_real_pool: test
stripe_webhook_event_matrix_test::dispute_funds_withdrawn_marks_paid_invoice_refunded: test
stripe_webhook_event_matrix_test::invoice_email_dispatch_includes_invoice_id: test
stripe_webhook_event_matrix_test::invoice_payment_failed_exhausted_marks_failed_and_suspends_customer: test
stripe_webhook_event_matrix_test::invoice_payment_succeeded_marks_invoice_paid: test
stripe_webhook_idempotency_test::concurrent_duplicate_invoice_event_loser_stays_out_of_handler: test
stripe_webhook_idempotency_test::replayed_checkout_completed_event_is_noop_once: test
stripe_webhook_idempotency_test::replayed_invoice_event_is_processed_once: test
stripe_webhook_idempotency_test::replayed_subscription_event_is_noop_once: test
stripe_webhook_idempotency_test::resume_before_pause_waiter_exists_does_not_deadlock_mark_paid: test
stripe_webhook_idempotency_test::resume_waits_for_pause_handshake_internally: test
stripe_webhook_idempotency_test::retry_after_first_handler_failure_stays_unprocessed_and_not_acknowledged: test
stripe_webhook_idempotency_test::seeded_unprocessed_invoice_event_short_circuits_without_handler_side_effects: test
stripe_webhook_signature_test::local_stripe_service_rejects_invalid_signature_with_bad_request: test
stripe_webhook_signature_test::missing_signature_header_returns_bad_request: test
stripe_webhook_signature_test::mock_stripe_service_accepts_any_signature_value: test
stripe_webhook_signature_test::valid_signature_accepts_deprecated_subscription_event: test
stripe_webhook_signature_test::valid_signature_processes_event: test
usage_test::admin_endpoint_rejects_tenant_jwt: test
usage_test::admin_get_usage_200: test
usage_test::admin_get_usage_401_missing_auth: test
usage_test::admin_get_usage_404_deleted_tenant: test
usage_test::admin_get_usage_404_unknown_tenant: test
usage_test::get_usage_200_aggregated_totals: test
usage_test::get_usage_200_by_region_breakdown: test
usage_test::get_usage_200_december_month_boundary: test
usage_test::get_usage_200_default_month: test
usage_test::get_usage_200_empty_month: test
usage_test::get_usage_200_tenant_isolation: test
usage_test::get_usage_400_garbage_month: test
usage_test::get_usage_400_invalid_month_format: test
usage_test::get_usage_401_missing_auth: test
usage_test::get_usage_daily_200_december_month_boundary: test
usage_test::get_usage_daily_200_defaults_to_current_month: test
usage_test::get_usage_daily_200_empty_when_no_data: test
usage_test::get_usage_daily_200_returns_daily_rows: test
usage_test::get_usage_daily_200_tenant_isolation: test
usage_test::get_usage_daily_400_garbage_month: test
usage_test::get_usage_daily_400_invalid_month_format: test
usage_test::get_usage_daily_401_missing_auth: test
usage_test::get_usage_daily_403_suspended_customer: test

374 tests, 0 benchmarks

exit_code=0
